// Jest Snapshot v1, https://goo.gl/fbAQLP

exports[`<ComicSlider /> should render component 1`] = `ReactWrapper {}`;
