// Jest Snapshot v1, https://goo.gl/fbAQLP

exports[`<CopyPanel /> should render component 1`] = `ReactWrapper {}`;
