// Jest Snapshot v1, https://goo.gl/fbAQLP

exports[`<Navigation /> should render component 1`] = `ReactWrapper {}`;
