// Jest Snapshot v1, https://goo.gl/fbAQLP

exports[`<Copy /> should render component 1`] = `ReactWrapper {}`;
