// Jest Snapshot v1, https://goo.gl/fbAQLP

exports[`<Popup /> should render component 1`] = `ReactWrapper {}`;
