// Jest Snapshot v1, https://goo.gl/fbAQLP

exports[`<MainPage /> should render component 1`] = `ReactWrapper {}`;
