// Jest Snapshot v1, https://goo.gl/fbAQLP

exports[`<Hero /> should render component 1`] = `ReactWrapper {}`;