// Jest Snapshot v1, https://goo.gl/fbAQLP

exports[`<Navigation /> Renders Navigation 1`] = `ShallowWrapper {}`;
